rodar o serviço de criptografia ssh no git bash

Usuario@DESKTOP-FD8NUUM MINGW64 ~/.ssh
$ eval $(ssh-agent -s)




-------------------------------------------------------


Usuario@DESKTOP-FD8NUUM MINGW64 /c
$ mkdir workspace

Usuario@DESKTOP-FD8NUUM MINGW64 /c
$ cd workspace/

Usuario@DESKTOP-FD8NUUM MINGW64 /c/workspace
$ mkdir livro-receitas

Usuario@DESKTOP-FD8NUUM MINGW64 /c/workspace
$ ls
livro-receitas/

Usuario@DESKTOP-FD8NUUM MINGW64 /c/workspace
$  cd livro-receitas/

Usuario@DESKTOP-FD8NUUM MINGW64 /c/workspace/livro-receitas
$ git init
Initialized empty Git repository in C:/workspace/livro-receitas/.git/

Usuario@DESKTOP-FD8NUUM MINGW64 /c/workspace/livro-receitas (master)
$ ls

Usuario@DESKTOP-FD8NUUM MINGW64 /c/workspace/livro-receitas (master)
$ ls -a
./  ../  .git/

Usuario@DESKTOP-FD8NUUM MINGW64 /c/workspace/livro-receitas (master)
$ cd .git/

Usuario@DESKTOP-FD8NUUM MINGW64 /c/workspace/livro-receitas/.git (GIT_DIR!)
$ ls
HEAD  config  description  hooks/  info/  objects/  refs/

Usuario@DESKTOP-FD8NUUM MINGW64 /c/workspace/livro-receitas/.git (GIT_DIR!)
$ cd ..

Usuario@DESKTOP-FD8NUUM MINGW64 /c/workspace/livro-receitas (master)
$ git config --global user.email "willpagini@gmail.com"

Usuario@DESKTOP-FD8NUUM MINGW64 /c/workspace/livro-receitas (master)
$ git config --global user.name Willian

Usuario@DESKTOP-FD8NUUM MINGW64 /c/workspace/livro-receitas (master)
$ git add *

Usuario@DESKTOP-FD8NUUM MINGW64 /c/workspace/livro-receitas (master)
$ git commit -m "commit inicial"
[master (root-commit) 7df1bce] commit inicial
 1 file changed, 16 insertions(+)
 create mode 100644 torta_limao.md

Usuario@DESKTOP-FD8NUUM MINGW64 /c/workspace/livro-receitas (master)
$  mkdir receitas

Usuario@DESKTOP-FD8NUUM MINGW64 /c/workspace/livro-receitas (master)
$ mv torta_limao.md ./receitas/

Usuario@DESKTOP-FD8NUUM MINGW64 /c/workspace/livro-receitas (master)
$ git status
On branch master
Changes not staged for commit:
  (use "git add/rm <file>..." to update what will be committed)
  (use "git restore <file>..." to discard changes in working directory)
        deleted:    torta_limao.md

Untracked files:
  (use "git add <file>..." to include in what will be committed)
        receitas/

no changes added to commit (use "git add" and/or "git commit -a")

Usuario@DESKTOP-FD8NUUM MINGW64 /c/workspace/livro-receitas (master)
$ git add torta_limao.md receitas/

Usuario@DESKTOP-FD8NUUM MINGW64 /c/workspace/livro-receitas (master)
$ git status
On branch master
Changes to be committed:
  (use "git restore --staged <file>..." to unstage)
        renamed:    torta_limao.md -> receitas/torta_limao.md


Usuario@DESKTOP-FD8NUUM MINGW64 /c/workspace/livro-receitas (master)
$ git commit -m "cria pasta receitas, move arquivo para receitas"
[master d946072] cria pasta receitas, move arquivo para receitas
 1 file changed, 0 insertions(+), 0 deletions(-)
 rename torta_limao.md => receitas/torta_limao.md (100%)

Usuario@DESKTOP-FD8NUUM MINGW64 /c/workspace/livro-receitas (master)
$ git status
On branch master
nothing to commit, working tree clean

Usuario@DESKTOP-FD8NUUM MINGW64 /c/workspace/livro-receitas (master)
$ echo > README.md

Usuario@DESKTOP-FD8NUUM MINGW64 /c/workspace/livro-receitas (master)
$ ls
README.md  receitas/

Usuario@DESKTOP-FD8NUUM MINGW64 /c/workspace/livro-receitas (master)
$ git add *
warning: in the working copy of 'README.md', LF will be replaced by CRLF the next time Git touches it

Usuario@DESKTOP-FD8NUUM MINGW64 /c/workspace/livro-receitas (master)
$ git commit -m "adiciona index"
[master ce831e6] adiciona index
 1 file changed, 6 insertions(+)
 create mode 100644 README.md

Usuario@DESKTOP-FD8NUUM MINGW64 /c/workspace/livro-receitas (master)
$
-------------------------------------------------------------------------------------------------------



Usuario@DESKTOP-FD8NUUM MINGW64 /c
$ mkdir workspace

Usuario@DESKTOP-FD8NUUM MINGW64 /c
$ cd workspace/

Usuario@DESKTOP-FD8NUUM MINGW64 /c/workspace
$ mkdir livro-receitas

Usuario@DESKTOP-FD8NUUM MINGW64 /c/workspace
$ ls
livro-receitas/

Usuario@DESKTOP-FD8NUUM MINGW64 /c/workspace
$  cd livro-receitas/

Usuario@DESKTOP-FD8NUUM MINGW64 /c/workspace/livro-receitas
$ git init
Initialized empty Git repository in C:/workspace/livro-receitas/.git/

Usuario@DESKTOP-FD8NUUM MINGW64 /c/workspace/livro-receitas (master)
$ ls

Usuario@DESKTOP-FD8NUUM MINGW64 /c/workspace/livro-receitas (master)
$ ls -a
./  ../  .git/

Usuario@DESKTOP-FD8NUUM MINGW64 /c/workspace/livro-receitas (master)
$ cd .git/

Usuario@DESKTOP-FD8NUUM MINGW64 /c/workspace/livro-receitas/.git (GIT_DIR!)
$ ls
HEAD  config  description  hooks/  info/  objects/  refs/

Usuario@DESKTOP-FD8NUUM MINGW64 /c/workspace/livro-receitas/.git (GIT_DIR!)
$ cd ..

Usuario@DESKTOP-FD8NUUM MINGW64 /c/workspace/livro-receitas (master)
$ git config --global user.email "willpagini@gmail.com"

Usuario@DESKTOP-FD8NUUM MINGW64 /c/workspace/livro-receitas (master)
$ git config --global user.name Willian

Usuario@DESKTOP-FD8NUUM MINGW64 /c/workspace/livro-receitas (master)
$ git add *

Usuario@DESKTOP-FD8NUUM MINGW64 /c/workspace/livro-receitas (master)
$ git commit -m "commit inicial"
[master (root-commit) 7df1bce] commit inicial
 1 file changed, 16 insertions(+)
 create mode 100644 torta_limao.md

Usuario@DESKTOP-FD8NUUM MINGW64 /c/workspace/livro-receitas (master)
$  mkdir receitas

Usuario@DESKTOP-FD8NUUM MINGW64 /c/workspace/livro-receitas (master)
$ mv torta_limao.md ./receitas/

Usuario@DESKTOP-FD8NUUM MINGW64 /c/workspace/livro-receitas (master)
$ git status
On branch master
Changes not staged for commit:
  (use "git add/rm <file>..." to update what will be committed)
  (use "git restore <file>..." to discard changes in working directory)
        deleted:    torta_limao.md

Untracked files:
  (use "git add <file>..." to include in what will be committed)
        receitas/

no changes added to commit (use "git add" and/or "git commit -a")

Usuario@DESKTOP-FD8NUUM MINGW64 /c/workspace/livro-receitas (master)
$ git add torta_limao.md receitas/

Usuario@DESKTOP-FD8NUUM MINGW64 /c/workspace/livro-receitas (master)
$ git status
On branch master
Changes to be committed:
  (use "git restore --staged <file>..." to unstage)
        renamed:    torta_limao.md -> receitas/torta_limao.md


Usuario@DESKTOP-FD8NUUM MINGW64 /c/workspace/livro-receitas (master)
$ git commit -m "cria pasta receitas, move arquivo para receitas"
[master d946072] cria pasta receitas, move arquivo para receitas
 1 file changed, 0 insertions(+), 0 deletions(-)
 rename torta_limao.md => receitas/torta_limao.md (100%)

Usuario@DESKTOP-FD8NUUM MINGW64 /c/workspace/livro-receitas (master)
$ git status
On branch master
nothing to commit, working tree clean

Usuario@DESKTOP-FD8NUUM MINGW64 /c/workspace/livro-receitas (master)
$ echo > README.md

Usuario@DESKTOP-FD8NUUM MINGW64 /c/workspace/livro-receitas (master)
$ ls
README.md  receitas/

Usuario@DESKTOP-FD8NUUM MINGW64 /c/workspace/livro-receitas (master)
$ git add *
warning: in the working copy of 'README.md', LF will be replaced by CRLF the next time Git touches it

Usuario@DESKTOP-FD8NUUM MINGW64 /c/workspace/livro-receitas (master)
$ git commit -m "adiciona index"
[master ce831e6] adiciona index
 1 file changed, 6 insertions(+)
 create mode 100644 README.md

Usuario@DESKTOP-FD8NUUM MINGW64 /c/workspace/livro-receitas (master)
$ git config --list
diff.astextplain.textconv=astextplain
filter.lfs.clean=git-lfs clean -- %f
filter.lfs.smudge=git-lfs smudge -- %f
filter.lfs.process=git-lfs filter-process
filter.lfs.required=true
http.sslbackend=openssl
http.sslcainfo=C:/Program Files/Git/mingw64/ssl/certs/ca-bundle.crt
core.autocrlf=true
core.fscache=true
core.symlinks=true
pull.rebase=false
credential.helper=manager-core
credential.https://dev.azure.com.usehttppath=true
init.defaultbranch=master
user.email=willpagini@gmail.com
user.name=Willian
core.repositoryformatversion=0
core.filemode=false
core.bare=false
core.logallrefupdates=true
core.symlinks=false
core.ignorecase=true

Usuario@DESKTOP-FD8NUUM MINGW64 /c/workspace/livro-receitas (master)
$ git remote add origin https://github.com/WillPagini/livro-receitas.git

Usuario@DESKTOP-FD8NUUM MINGW64 /c/workspace/livro-receitas (master)
$ git remote -v
origin  https://github.com/WillPagini/livro-receitas.git (fetch)
origin  https://github.com/WillPagini/livro-receitas.git (push)

Usuario@DESKTOP-FD8NUUM MINGW64 /c/workspace/livro-receitas (master)
$ git status
On branch master
nothing to commit, working tree clean

Usuario@DESKTOP-FD8NUUM MINGW64 /c/workspace/livro-receitas (master)
$ git push origin master
Enumerating objects: 8, done.
Counting objects: 100% (8/8), done.
Delta compression using up to 12 threads
Compressing objects: 100% (6/6), done.
Writing objects: 100% (8/8), 993 bytes | 993.00 KiB/s, done.
Total 8 (delta 0), reused 0 (delta 0), pack-reused 0
To https://github.com/WillPagini/livro-receitas.git
 * [new branch]      master -> master

Usuario@DESKTOP-FD8NUUM MINGW64 /c/workspace/livro-receitas (master)
$
